[0;32m╔══════════════════════════════════════════════════════════════╗[0m
[0;32m║       VespaFinder - Build Executable                         ║[0m
[0;32m╚══════════════════════════════════════════════════════════════╝[0m

[1;33mInstalling dependencies...[0m
Resolved 33 packages in 1ms
Audited 21 packages in 0.75ms
[1;33mCleaning build artifacts...[0m
[0;32m✓ Clean complete[0m

[1;33mBuilding GUI executable...[0m
284 INFO: PyInstaller: 6.17.0, contrib hooks: 2025.10
285 INFO: Python: 3.12.3
286 INFO: Platform: Linux-6.8.0-90-generic-x86_64-with-glibc2.39
286 INFO: Python environment: /home/jeremy/my-python-project/.venv
797 INFO: Module search paths (PYTHONPATH):
['/usr/lib/python312.zip',
 '/usr/lib/python3.12',
 '/usr/lib/python3.12/lib-dynload',
 '/home/jeremy/my-python-project/.venv/lib/python3.12/site-packages',
 '/home/jeremy/my-python-project/src',
 '/home/jeremy/my-python-project',
 '/home/jeremy/my-python-project/src']
1549 INFO: Appending 'datas' from .spec
1550 INFO: checking Analysis
1550 INFO: Building Analysis because Analysis-00.toc is non existent
1550 INFO: Looking for Python shared library...
1574 INFO: Using Python shared library: /lib/x86_64-linux-gnu/libpython3.12.so.1.0
1574 INFO: Running Analysis Analysis-00.toc
1574 INFO: Target bytecode optimization level: 0
1574 INFO: Initializing module dependency graph...
1575 INFO: Initializing module graph hook caches...
1590 INFO: Analyzing modules for base_library.zip ...
2908 INFO: Processing standard module hook 'hook-encodings.py' from '/home/jeremy/my-python-project/.venv/lib/python3.12/site-packages/PyInstaller/hooks'
3686 INFO: Processing standard module hook 'hook-heapq.py' from '/home/jeremy/my-python-project/.venv/lib/python3.12/site-packages/PyInstaller/hooks'
5245 INFO: Processing standard module hook 'hook-pickle.py' from '/home/jeremy/my-python-project/.venv/lib/python3.12/site-packages/PyInstaller/hooks'
7389 INFO: Caching module dependency graph...
7456 INFO: Analyzing /home/jeremy/my-python-project/gui.py
7505 INFO: Processing pre-find-module-path hook 'hook-tkinter.py' from '/home/jeremy/my-python-project/.venv/lib/python3.12/site-packages/PyInstaller/hooks/pre_find_module_path'
7507 INFO: TclTkInfo: initializing cached Tcl/Tk info...
7585 WARNING: TclTkInfo: Tcl module directory '/usr/share/tcltk/tcl8' does not exist!
7783 INFO: Processing standard module hook 'hook-_tkinter.py' from '/home/jeremy/my-python-project/.venv/lib/python3.12/site-packages/PyInstaller/hooks'
7997 INFO: Processing standard module hook 'hook-urllib3.py' from '/home/jeremy/my-python-project/.venv/lib/python3.12/site-packages/_pyinstaller_hooks_contrib/stdhooks'
8322 INFO: Processing pre-safe-import-module hook 'hook-typing_extensions.py' from '/home/jeremy/my-python-project/.venv/lib/python3.12/site-packages/PyInstaller/hooks/pre_safe_import_module'
8326 INFO: SetuptoolsInfo: initializing cached setuptools info...
14416 INFO: Setuptools: 'typing_extensions' appears to be a setuptools-vendored copy - creating alias to 'setuptools._vendor.typing_extensions'!
14432 INFO: Processing standard module hook 'hook-setuptools.py' from '/home/jeremy/my-python-project/.venv/lib/python3.12/site-packages/PyInstaller/hooks'
14499 INFO: Processing standard module hook 'hook-platform.py' from '/home/jeremy/my-python-project/.venv/lib/python3.12/site-packages/PyInstaller/hooks'
14502 INFO: Processing pre-safe-import-module hook 'hook-distutils.py' from '/home/jeremy/my-python-project/.venv/lib/python3.12/site-packages/PyInstaller/hooks/pre_safe_import_module'
14590 INFO: Processing standard module hook 'hook-sysconfig.py' from '/home/jeremy/my-python-project/.venv/lib/python3.12/site-packages/PyInstaller/hooks'
14599 INFO: Processing pre-safe-import-module hook 'hook-jaraco.py' from '/home/jeremy/my-python-project/.venv/lib/python3.12/site-packages/PyInstaller/hooks/pre_safe_import_module'
14599 INFO: Setuptools: 'jaraco' appears to be a full setuptools-vendored copy - creating alias to 'setuptools._vendor.jaraco'!
14616 INFO: Processing pre-safe-import-module hook 'hook-more_itertools.py' from '/home/jeremy/my-python-project/.venv/lib/python3.12/site-packages/PyInstaller/hooks/pre_safe_import_module'
14617 INFO: Setuptools: 'more_itertools' appears to be a setuptools-vendored copy - creating alias to 'setuptools._vendor.more_itertools'!
15023 INFO: Processing pre-safe-import-module hook 'hook-packaging.py' from '/home/jeremy/my-python-project/.venv/lib/python3.12/site-packages/PyInstaller/hooks/pre_safe_import_module'
15211 INFO: Processing standard module hook 'hook-_ctypes.py' from '/home/jeremy/my-python-project/.venv/lib/python3.12/site-packages/PyInstaller/hooks'
15342 INFO: Processing standard module hook 'hook-setuptools._vendor.jaraco.text.py' from '/home/jeremy/my-python-project/.venv/lib/python3.12/site-packages/PyInstaller/hooks'
15345 INFO: Processing pre-safe-import-module hook 'hook-importlib_resources.py' from '/home/jeremy/my-python-project/.venv/lib/python3.12/site-packages/PyInstaller/hooks/pre_safe_import_module'
15681 INFO: Processing pre-safe-import-module hook 'hook-backports.py' from '/home/jeremy/my-python-project/.venv/lib/python3.12/site-packages/PyInstaller/hooks/pre_safe_import_module'
15681 INFO: Setuptools: 'backports' appears to be a full setuptools-vendored copy - creating alias to 'setuptools._vendor.backports'!
15951 INFO: Processing pre-safe-import-module hook 'hook-importlib_metadata.py' from '/home/jeremy/my-python-project/.venv/lib/python3.12/site-packages/PyInstaller/hooks/pre_safe_import_module'
15953 INFO: Setuptools: 'importlib_metadata' appears to be a setuptools-vendored copy - creating alias to 'setuptools._vendor.importlib_metadata'!
16007 INFO: Processing standard module hook 'hook-setuptools._vendor.importlib_metadata.py' from '/home/jeremy/my-python-project/.venv/lib/python3.12/site-packages/PyInstaller/hooks'
16011 INFO: Processing pre-safe-import-module hook 'hook-zipp.py' from '/home/jeremy/my-python-project/.venv/lib/python3.12/site-packages/PyInstaller/hooks/pre_safe_import_module'
16012 INFO: Setuptools: 'zipp' appears to be a setuptools-vendored copy - creating alias to 'setuptools._vendor.zipp'!
16451 INFO: Processing pre-safe-import-module hook 'hook-tomli.py' from '/home/jeremy/my-python-project/.venv/lib/python3.12/site-packages/PyInstaller/hooks/pre_safe_import_module'
16451 INFO: Setuptools: 'tomli' appears to be a setuptools-vendored copy - creating alias to 'setuptools._vendor.tomli'!
17400 INFO: Processing pre-safe-import-module hook 'hook-wheel.py' from '/home/jeremy/my-python-project/.venv/lib/python3.12/site-packages/PyInstaller/hooks/pre_safe_import_module'
17401 INFO: Setuptools: 'wheel' appears to be a setuptools-vendored copy - creating alias to 'setuptools._vendor.wheel'!
18591 INFO: Processing standard module hook 'hook-charset_normalizer.py' from '/home/jeremy/my-python-project/.venv/lib/python3.12/site-packages/_pyinstaller_hooks_contrib/stdhooks'
18832 INFO: Processing standard module hook 'hook-certifi.py' from '/home/jeremy/my-python-project/.venv/lib/python3.12/site-packages/_pyinstaller_hooks_contrib/stdhooks'
19025 INFO: Analyzing hidden import 'vespa_finder.cli'
19026 INFO: Analyzing hidden import 'vespa_finder.gui_entry'
19030 INFO: Analyzing hidden import 'vespa_finder.visualizer'
19043 INFO: Processing standard module hook 'hook-folium.py' from '/home/jeremy/my-python-project/.venv/lib/python3.12/site-packages/_pyinstaller_hooks_contrib/stdhooks'
19050 INFO: Processing standard module hook 'hook-branca.py' from '/home/jeremy/my-python-project/.venv/lib/python3.12/site-packages/_pyinstaller_hooks_contrib/stdhooks'
19087 INFO: Processing standard module hook 'hook-jinja2.py' from '/home/jeremy/my-python-project/.venv/lib/python3.12/site-packages/_pyinstaller_hooks_contrib/stdhooks'
20228 INFO: Processing standard module hook 'hook-multiprocessing.util.py' from '/home/jeremy/my-python-project/.venv/lib/python3.12/site-packages/PyInstaller/hooks'
20367 INFO: Processing standard module hook 'hook-xml.py' from '/home/jeremy/my-python-project/.venv/lib/python3.12/site-packages/PyInstaller/hooks'
21523 INFO: Processing standard module hook 'hook-xyzservices.py' from '/home/jeremy/my-python-project/.venv/lib/python3.12/site-packages/_pyinstaller_hooks_contrib/stdhooks'
21557 INFO: Analyzing hidden import 'folium.plugins'
21668 INFO: Processing module hooks (post-graph stage)...
22247 INFO: Processing standard module hook 'hook-difflib.py' from '/home/jeremy/my-python-project/.venv/lib/python3.12/site-packages/PyInstaller/hooks'
22620 INFO: Processing standard module hook 'hook-_tkinter.py' from '/home/jeremy/my-python-project/.venv/lib/python3.12/site-packages/PyInstaller/hooks'
22681 INFO: Performing binary vs. data reclassification (338 entries)
22766 INFO: Looking for ctypes DLLs
22806 INFO: Analyzing run-time hooks ...
22811 INFO: Including run-time hook 'pyi_rth_inspect.py' from '/home/jeremy/my-python-project/.venv/lib/python3.12/site-packages/PyInstaller/hooks/rthooks'
22815 INFO: Including run-time hook 'pyi_rth_setuptools.py' from '/home/jeremy/my-python-project/.venv/lib/python3.12/site-packages/PyInstaller/hooks/rthooks'
22817 INFO: Including run-time hook 'pyi_rth_pkgutil.py' from '/home/jeremy/my-python-project/.venv/lib/python3.12/site-packages/PyInstaller/hooks/rthooks'
22820 INFO: Including run-time hook 'pyi_rth_multiprocessing.py' from '/home/jeremy/my-python-project/.venv/lib/python3.12/site-packages/PyInstaller/hooks/rthooks'
22824 INFO: Including run-time hook 'pyi_rth__tkinter.py' from '/home/jeremy/my-python-project/.venv/lib/python3.12/site-packages/PyInstaller/hooks/rthooks'
22857 INFO: Creating base_library.zip...
22887 INFO: Looking for dynamic libraries
23506 INFO: Warnings written to /home/jeremy/my-python-project/build/vespa_finder/warn-vespa_finder.txt
23559 INFO: Graph cross-reference written to /home/jeremy/my-python-project/build/vespa_finder/xref-vespa_finder.html
23597 INFO: checking PYZ
23597 INFO: Building PYZ because PYZ-00.toc is non existent
23597 INFO: Building PYZ (ZlibArchive) /home/jeremy/my-python-project/build/vespa_finder/PYZ-00.pyz
24231 INFO: Building PYZ (ZlibArchive) /home/jeremy/my-python-project/build/vespa_finder/PYZ-00.pyz completed successfully.
24275 INFO: checking PKG
24275 INFO: Building PKG because PKG-00.toc is non existent
24275 INFO: Building PKG (CArchive) VespaFinder.pkg
30209 INFO: Building PKG (CArchive) VespaFinder.pkg completed successfully.
30218 INFO: Bootloader /home/jeremy/my-python-project/.venv/lib/python3.12/site-packages/PyInstaller/bootloader/Linux-64bit-intel/run
30218 INFO: checking EXE
30219 INFO: Building EXE because EXE-00.toc is non existent
30219 INFO: Building EXE from EXE-00.toc
30219 INFO: Copying bootloader EXE to /home/jeremy/my-python-project/dist/VespaFinder
30219 INFO: Appending PKG archive to custom ELF section in EXE
30300 INFO: Building EXE from EXE-00.toc completed successfully.
30309 INFO: Build complete! The results are available in: /home/jeremy/my-python-project/dist

[0;32m╔══════════════════════════════════════════════════════════════╗[0m
[0;32m║       Build Complete!                                        ║[0m
[0;32m╚══════════════════════════════════════════════════════════════╝[0m

[0;32mExecutable location:[0m
total 16M
-rwxr-xr-x 1 jeremy jeremy 16M déc.  20 03:15 VespaFinder

[1;33mTo run:[0m
  ./dist/VespaFinder

[0;32mYou can distribute the executable - no Python installation required![0m
